// Jest Snapshot v1, https://goo.gl/fbAQLP

exports[`SmallMoovieCard card is rendered correctly 1`] = `
<article
  className="small-movie-card catalog__movies-card"
  onMouseEnter={[Function]}
>
  <div
    className="small-movie-card__image"
  >
    <video
      height="175"
      muted={true}
      poster="img/fantastic-beasts-the-crimes-of-grindelwald.jpg"
      width="250"
    >
      <source
        src="https://download.blender.org/durian/trailer/sintel_trailer-480p.mp4"
        type="video/mp4"
      />
      <source
        src="https://upload.wikimedia.org/wikipedia/commons/transcoded/b/b3/Big_Buck_Bunny_Trailer_400p.ogv/Big_Buck_Bunny_Trailer_400p.ogv.360p.webm"
        type="video/webm"
      />
    </video>
  </div>
  <h3
    className="small-movie-card__title"
    onClick={[Function]}
  >
    <a
      className="small-movie-card__link"
      href="movie-page.html"
    >
      Fantastic Beasts: The Crimes of Grindelwald
    </a>
  </h3>
</article>
`;
